// Jest Snapshot v1, https://goo.gl/fbAQLP

exports[`Checking if  1`] = `
<nav
  className="navBar"
>
  <h1
    className="header"
  >
    Math Magicians
  </h1>
  <ul
    className="ul-links"
  >
    <li
      className="li-links"
    >
      <a
        activeClassName="active-link"
        aria-current="page"
        className="links active"
        exact={true}
        href="/"
        onClick={[Function]}
      >
        Home
      </a>
    </li>
    <li
      className="li-links"
    >
      <a
        activeClassName="active-link"
        className="links"
        exact={true}
        href="/Calculator"
        onClick={[Function]}
      >
        Calculator
      </a>
    </li>
    <li
      className="li-links"
    >
      <a
        activeClassName="active-link"
        className="links"
        exact={true}
        href="/quotes"
        onClick={[Function]}
      >
        Quotes
      </a>
    </li>
  </ul>
</nav>
`;

exports[`Checking if Navigation Bar re 1`] = `
<nav
  className="navBar"
>
  <h1
    className="header"
  >
    Math Magicians
  </h1>
  <ul
    className="ul-links"
  >
    <li
      className="li-links"
    >
      <a
        activeClassName="active-link"
        aria-current="page"
        className="links active"
        exact={true}
        href="/"
        onClick={[Function]}
      >
        Home
      </a>
    </li>
    <li
      className="li-links"
    >
      <a
        activeClassName="active-link"
        className="links"
        exact={true}
        href="/Calculator"
        onClick={[Function]}
      >
        Calculator
      </a>
    </li>
    <li
      className="li-links"
    >
      <a
        activeClassName="active-link"
        className="links"
        exact={true}
        href="/quotes"
        onClick={[Function]}
      >
        Quotes
      </a>
    </li>
  </ul>
</nav>
`;

exports[`Checking if Navigation Bar renders correctly 1`] = `
<nav
  className="navBar"
>
  <h1
    className="header"
  >
    Math Magicians
  </h1>
  <ul
    className="ul-links"
  >
    <li
      className="li-links"
    >
      <a
        activeClassName="active-link"
        aria-current="page"
        className="links active"
        exact={true}
        href="/"
        onClick={[Function]}
      >
        Home
      </a>
    </li>
    <li
      className="li-links"
    >
      <a
        activeClassName="active-link"
        className="links"
        exact={true}
        href="/Calculator"
        onClick={[Function]}
      >
        Calculator
      </a>
    </li>
    <li
      className="li-links"
    >
      <a
        activeClassName="active-link"
        className="links"
        exact={true}
        href="/quotes"
        onClick={[Function]}
      >
        Quotes
      </a>
    </li>
  </ul>
</nav>
`;

exports[`renders correctly 1`] = `
<nav
  className="navBar"
>
  <h1
    className="header"
  >
    Math Magicians
  </h1>
  <ul
    className="ul-links"
  >
    <li
      className="li-links"
    >
      <a
        activeClassName="active-link"
        aria-current="page"
        className="links active"
        exact={true}
        href="/"
        onClick={[Function]}
      >
        Home
      </a>
    </li>
    <li
      className="li-links"
    >
      <a
        activeClassName="active-link"
        className="links"
        exact={true}
        href="/Calculator"
        onClick={[Function]}
      >
        Calculator
      </a>
    </li>
    <li
      className="li-links"
    >
      <a
        activeClassName="active-link"
        className="links"
        exact={true}
        href="/quotes"
        onClick={[Function]}
      >
        Quotes
      </a>
    </li>
  </ul>
</nav>
`;
